
  .   ____          _            __ _ _
 /\\ / ___'_ __ _ _(_)_ __  __ _ \ \ \ \
( ( )\___ | '_ | '_| | '_ \/ _` | \ \ \ \
 \\/  ___)| |_)| | | | | || (_| |  ) ) ) )
  '  |____| .__|_| |_|_| |_\__, | / / / /
 =========|_|==============|___/=/_/_/_/
 :: Spring Boot ::               (v2.7.18)

2026-10-02 16:05:18.968  INFO 31728 --- [           main] com.lab.LabEquipmentApplication          : Starting LabEquipmentApplication v1.0.0 using Java 1.8.0_291 on QuaX with PID 31728 (C:\Users\QUAN\WorkBuddy\2026-10-02-14-58-49\lab-equipment-system\backend\target\lab-equipment-backend.jar started by QUAN in C:\Users\QUAN\WorkBuddy\2026-10-02-14-58-49\lab-equipment-system\backend)
2026-10-02 16:05:18.973  INFO 31728 --- [           main] com.lab.LabEquipmentApplication          : No active profile set, falling back to 1 default profile: "default"
2026-10-02 16:05:22.530  INFO 31728 --- [           main] o.s.b.w.embedded.tomcat.TomcatWebServer  : Tomcat initialized with port(s): 8080 (http)
2026-10-02 16:05:22.558  INFO 31728 --- [           main] o.apache.catalina.core.StandardService   : Starting service [Tomcat]
2026-10-02 16:05:22.559  INFO 31728 --- [           main] org.apache.catalina.core.StandardEngine  : Starting Servlet engine: [Apache Tomcat/9.0.83]
2026-10-02 16:05:22.805  INFO 31728 --- [           main] o.a.c.c.C.[Tomcat].[localhost].[/]       : Initializing Spring embedded WebApplicationContext
2026-10-02 16:05:22.805  INFO 31728 --- [           main] w.s.c.ServletWebServerApplicationContext : Root WebApplicationContext: initialization completed in 3750 ms
2026-10-02 16:05:26.015  INFO 31728 --- [           main] o.s.b.w.embedded.tomcat.TomcatWebServer  : Tomcat started on port(s): 8080 (http) with context path ''
2026-10-02 16:05:26.037  INFO 31728 --- [           main] com.lab.LabEquipmentApplication          : Started LabEquipmentApplication in 7.836 seconds (JVM running for 8.696)
2026-10-02 16:05:26.142  INFO 31728 --- [           main] com.zaxxer.hikari.HikariDataSource       : HikariPool-1 - Starting...
2026-10-02 16:05:26.463  INFO 31728 --- [           main] com.zaxxer.hikari.HikariDataSource       : HikariPool-1 - Start completed.
2026-10-02 16:05:26.540  INFO 31728 --- [           main] com.lab.init.DataInitializer             : 已存在 3 个用户，跳过初始账号创建
2026-10-02 16:05:37.355  INFO 31728 --- [nio-8080-exec-1] o.a.c.c.C.[Tomcat].[localhost].[/]       : Initializing Spring DispatcherServlet 'dispatcherServlet'
2026-10-02 16:05:37.355  INFO 31728 --- [nio-8080-exec-1] o.s.web.servlet.DispatcherServlet        : Initializing Servlet 'dispatcherServlet'
2026-10-02 16:05:37.360  INFO 31728 --- [nio-8080-exec-1] o.s.web.servlet.DispatcherServlet        : Completed initialization in 3 ms
